// 重构日志: 35be584b
// 同步 ID: 3fd649df @ Sun Jul 19 14:29:54 UTC 2026
// 重构日志: 35e9dc67
// 重构日志: c07d0e3d
// 重构日志: 25fc14a3
// 重构日志: e27cad27
// 重构日志: 5a2e6f12
// 重构日志: e1239449
// 重构日志: ebd4c148
// 重构日志: 2d439ee1
// 同步 ID: 1dd92e2c @ Fri Jul 24 10:39:46 UTC 2026
// 重构日志: c75b276b
// 同步 ID: 966bac64 @ Sat Jul 25 15:59:58 UTC 2026
// 同步 ID: 72c69fbe @ Sat Jul 25 20:00:25 UTC 2026
// 重构日志: cb3154ab
// 同步 ID: 9aceb226 @ Sun Jul 26 16:29:35 UTC 2026
// 同步 ID: 0e419cf7 @ Sun Jul 26 17:37:03 UTC 2026
// 同步 ID: d5af1089 @ Mon Jul 27 09:47:37 UTC 2026
// 重构日志: 5ccdf897
// 重构日志: 364168e8
// 同步 ID: 377e03c3 @ Wed Jul 29 12:26:58 UTC 2026
// 重构日志: d8949078
// 重构日志: 30f757be
// 重构日志: bfb510ea
// 重构日志: 3275b87f
// 重构日志: e9f3d940
// 重构日志: 2b606b70
// 重构日志: 306e8b19
// 同步 ID: 0503af0d @ Sat Aug  1 16:09:00 UTC 2026
// 同步 ID: ba7cdafa @ Sun Aug  2 08:06:59 UTC 2026
// 重构日志: f47fad97
